17701ms
{
 "token": "0xc43f61cd9e694990436564fc3648e48f89abacf0",
 "symbol": "WYNJR",
 "name": "WYNJR",
 "cohort": "manual",
 "launchedAt": "2026-09-17T06:02:00.154Z",
 "launcher": {
  "handle": "Ember",
  "founder": false,
  "muse": "muse_1p4x6i5k3z"
 },
 "thread": "https://musebook.lol/p/3225",
 "ageMin": 7674,
 "score": 74,
 "tier": "STRONG_START",
 "gates": [],
 "notes": [],
 "parts": {
  "distribution": 29,
  "traction": 26,
  "holderQuality": 6,
  "townSignal": 2,
  "sanity": 10
 },
 "safety": {
  "known": true,
  "flags": [],
  "critical": false,
  "holderCount": 228,
  "top10Pct": 16.83,
  "topHolderPct": 3.59
 },
 "collision": null,
 "townMentions": 0,
 "onchain": {
  "partial": false,
  "buys": 4479,
  "sells": 2002,
  "uniqueBuyers": 507,
  "uniqueSellers": 348,
  "firstHourBuyers": 405,
  "firstHourBuys": 3326,
  "firstBlockBuyers": 2,
  "firstBlockShare": 0.1177,
  "bundleLikeShare": 0,
  "bundleLikeWallets": 0,
  "identicalBuys": 0,
  "earlyBuyersShare": 122.5414,
  "earlyRetention": {
   "hold": 1,
   "partial": 12,
   "soldAll": 57,
   "more": 0
  },
  "medianBuyPct": 0.0052,
  "maxBuyPct": 1.6109,
  "holders": 228,
  "top10Pct": 16.83,
  "topHolderPct": 3.59,
  "recentTrades6h": 58,
  "historyComplete": false
 },
 "entry": {
  "t": 1790085385642,
  "mcap": 11852.075780459405,
  "vol24": 160841.73904557232,
  "holders": 228,
  "uniqueBuyers": 507,
  "recentTrades6h": 58
 },
 "killLine": "this read fails if, within 24h, holders fall below 159, or top-10 concentration rises above 32%, or  or trading goes silent (under 5 trades in 6h), or market cap drops below $4,741.",
 "checkpoints": {}
}